MPLINK 5.08, LINKER
Linker Map File - Created Sat Sep 17 21:21:57 2016

                                 Section Info
                  Section       Type    Address   Location Size(Bytes)
                ---------  ---------  ---------  ---------  ---------
                   .org_0       code   0x000000    program   0x000092
                   .cinit    romdata   0x000049    program   0x000004
.config_2007_BUILD/DEFAULT/PRODUCTION/SRC/MAI       code   0x002007    program   0x000002



                              Program Memory Usage 
                               Start         End      
                           ---------   ---------      
                            0x000000    0x00004a      
                            0x002007    0x002007      
            76 out of 2182 program addresses used, program memory utilization is 3%



                              Symbols - Sorted by Name
                     Name    Address   Location    Storage File                     
                ---------  ---------  ---------  --------- ---------                
                    DELAY   0x000001    program     static src/main.asm             
                   INICIO   0x00002b    program     static src/main.asm             
                      LD1   0x00000a    program     static src/main.asm             
                      LD2   0x000015    program     static src/main.asm             
                      LD3   0x000020    program     static src/main.asm             
                     LOOP   0x000037    program     static src/main.asm             
             _.org_0_0006   0x000006    program     static src/main.asm             
             _.org_0_0008   0x000008    program     static src/main.asm             
             _.org_0_0012   0x000012    program     static src/main.asm             
             _.org_0_001D   0x00001d    program     static src/main.asm             
             _.org_0_0028   0x000028    program     static src/main.asm             
             _.org_0_0039   0x000039    program     static src/main.asm             
             _.org_0_003E   0x00003e    program     static src/main.asm             
             _.org_0_0042   0x000042    program     static src/main.asm             
             _.org_0_0046   0x000046    program     static src/main.asm             



                              Symbols - Sorted by Address
                     Name    Address   Location    Storage File                     
                ---------  ---------  ---------  --------- ---------                
                    DELAY   0x000001    program     static src/main.asm             
             _.org_0_0006   0x000006    program     static src/main.asm             
             _.org_0_0008   0x000008    program     static src/main.asm             
                      LD1   0x00000a    program     static src/main.asm             
             _.org_0_0012   0x000012    program     static src/main.asm             
                      LD2   0x000015    program     static src/main.asm             
             _.org_0_001D   0x00001d    program     static src/main.asm             
                      LD3   0x000020    program     static src/main.asm             
             _.org_0_0028   0x000028    program     static src/main.asm             
                   INICIO   0x00002b    program     static src/main.asm             
                     LOOP   0x000037    program     static src/main.asm             
             _.org_0_0039   0x000039    program     static src/main.asm             
             _.org_0_003E   0x00003e    program     static src/main.asm             
             _.org_0_0042   0x000042    program     static src/main.asm             
             _.org_0_0046   0x000046    program     static src/main.asm             


