MPLINK 5.08, LINKER
Linker Map File - Created Sat Sep 17 21:59:11 2016

                                 Section Info
                  Section       Type    Address   Location Size(Bytes)
                ---------  ---------  ---------  ---------  ---------
                   .org_0       code   0x000000    program   0x000086
                   .cinit    romdata   0x000043    program   0x000004
.config_2007_BUILD/DEFAULT/PRODUCTION/SRC/MAI       code   0x002007    program   0x000002



                              Program Memory Usage 
                               Start         End      
                           ---------   ---------      
                            0x000000    0x000044      
                            0x002007    0x002007      
            70 out of 2182 program addresses used, program memory utilization is 3%



                              Symbols - Sorted by Name
                     Name    Address   Location    Storage File                     
                ---------  ---------  ---------  --------- ---------                
                    ANODO   0x000027    program     static src/main.asm             
                    DELAY   0x000001    program     static src/main.asm             
                   INICIO   0x00001c    program     static src/main.asm             
                   KATODO   0x000034    program     static src/main.asm             
                     LOOP   0x000025    program     static src/main.asm             
                   TABELA   0x00000a    program     static src/main.asm             
             _.org_0_0006   0x000006    program     static src/main.asm             
             _.org_0_0008   0x000008    program     static src/main.asm             
             _.org_0_002A   0x00002a    program     static src/main.asm             
             _.org_0_0037   0x000037    program     static src/main.asm             



                              Symbols - Sorted by Address
                     Name    Address   Location    Storage File                     
                ---------  ---------  ---------  --------- ---------                
                    DELAY   0x000001    program     static src/main.asm             
             _.org_0_0006   0x000006    program     static src/main.asm             
             _.org_0_0008   0x000008    program     static src/main.asm             
                   TABELA   0x00000a    program     static src/main.asm             
                   INICIO   0x00001c    program     static src/main.asm             
                     LOOP   0x000025    program     static src/main.asm             
                    ANODO   0x000027    program     static src/main.asm             
             _.org_0_002A   0x00002a    program     static src/main.asm             
                   KATODO   0x000034    program     static src/main.asm             
             _.org_0_0037   0x000037    program     static src/main.asm             


